2026-08-27 18:04:20 [INFO] __main__:main:102: ================================================================================
2026-08-27 18:04:20 [INFO] __main__:main:103: KB Supervisor Agent Starting
2026-08-27 18:04:20 [INFO] __main__:main:104: Timestamp: 20260827_123420
2026-08-27 18:04:20 [INFO] __main__:main:105: Config: max_gaps=10, min_severity=0.0
2026-08-27 18:04:20 [INFO] __main__:main:106: ================================================================================
2026-08-27 18:04:20 [INFO] __main__:main:113: STEP 1: Loading traces from cache and fetching new traces
2026-08-27 18:04:21 [INFO] local.supervisor.utils.trace_loader:load_cache:52: Loaded cache: 3021 traces
2026-08-27 18:04:21 [WARNING] local.supervisor.utils.trace_loader:get_last_timestamp:83: Failed to extract last timestamp: -1
2026-08-27 18:04:21 [INFO] __main__:main:123: Cache loaded: 3021 traces
2026-08-27 18:04:21 [INFO] local.supervisor.utils.trace_loader:fetch_new_traces:98: Fetching traces from Langfuse (since None)...
2026-08-27 18:04:21 [ERROR] local.supervisor.utils.trace_loader:fetch_new_traces:157: Failed to fetch traces from Langfuse: 'Langfuse' object has no attribute 'fetch_traces'
2026-08-27 18:04:21 [ERROR] __main__:main:185: Supervisor agent failed: string indices must be integers, not 'str'
Traceback (most recent call last):
  File "/Users/adwit.sharma/kb_docs/local/supervisor/supervisor_agent.py", line 126, in main
    trace_loader.append_to_cache(new_traces)
    ~~~~~~~~~~~~~~~~~~~~~~~~~~~~^^^^^^^^^^^^
  File "/Users/adwit.sharma/kb_docs/local/supervisor/utils/trace_loader.py", line 169, in append_to_cache
    existing_ids = {t["trace_id"] for t in self._cache.get("traces", [])}
                    ~^^^^^^^^^^^^
TypeError: string indices must be integers, not 'str'
